<?xml version="1.0" encoding="UTF-8"?>
<testsuites name="jest tests" tests="8" failures="0" time="0.787">
  <testsuite name="combineClass函数" errors="0" failures="0" skipped="0" timestamp="2019-04-06T02:41:19" time="0.666" tests="6">
    <testcase classname="combineClass函数 接受1个className" name="combineClass函数 接受1个className" time="0.001">
    </testcase>
    <testcase classname="combineClass函数 接受2个className" name="combineClass函数 接受2个className" time="0">
    </testcase>
    <testcase classname="combineClass函数 接受unfined的className" name="combineClass函数 接受unfined的className" time="0.001">
    </testcase>
    <testcase classname="combineClass函数 接受中文的className" name="combineClass函数 接受中文的className" time="0">
    </testcase>
    <testcase classname="combineClass函数 不接受className" name="combineClass函数 不接受className" time="0">
    </testcase>
    <testcase classname="combineClass函数 接受false，undefined, null的className" name="combineClass函数 接受false，undefined, null的className" time="0">
    </testcase>
  </testsuite>
  <testsuite name="&lt;Icon /&gt;" errors="0" failures="0" skipped="0" timestamp="2019-04-06T02:41:20" time="0.107" tests="2">
    <testcase classname="&lt;Icon /&gt; renders icon component" name="&lt;Icon /&gt; renders icon component" time="0.002">
    </testcase>
    <testcase classname="&lt;Icon /&gt; icon component click events" name="&lt;Icon /&gt; icon component click events" time="0.011">
    </testcase>
  </testsuite>
</testsuites>